// Jest Snapshot v1, https://goo.gl/fbAQLP

exports[`<Main /> should render H1 correctly 1`] = `
<main>
  <h1>
    Next.js Boilerplate
  </h1>
</main>
`
